// Jest Snapshot v1, https://goo.gl/fbAQLP

exports[`Test Form Component should render the component to match the snapshot 1`] = `
Object {
  "asFragment": [Function],
  "baseElement": <body>
    <div>
      <section
        class="sc-gsTEea fZJIli"
      >
        <div
          class="global-block-fields form-fields"
        >
          <i
            class="from-todo-icon"
          >
            <span
              class="sc-bdfBQB fLHKPW"
              color="rgb(50, 197, 250)"
              height="30px"
              rotate="0"
              width="35px"
            >
              <svg
                class=""
                viewBox="0 0 512 512"
                xmlns="http://www.w3.org/2000/svg"
              >
                
                <path
                  d="M368 32H144a64.07 64.07 0 00-64 64v320a64.07 64.07 0 0064 64h224a64.07 64.07 0 0064-64V96a64.07 64.07 0 00-64-64zM256 304h-80a16 16 0 010-32h80a16 16 0 010 32zm80-80H176a16 16 0 010-32h160a16 16 0 010 32zm0-80H176a16 16 0 010-32h160a16 16 0 010 32z"
                />
              </svg>
            </span>
          </i>
          <input
            class="from-input"
            data-testid="form-input"
            placeholder="Enter your next task"
            type="text"
            value=""
          />
          <i
            class="from-add-icon"
            data-testid="add-btn"
          >
            <span
              class="sc-bdfBQB ihcyJf"
              color="rgba(50, 197, 250)"
              height="30px"
              rotate="0"
              width="30px"
            >
              <svg
                class="add-btn"
                viewBox="0 0 512 512"
                xmlns="http://www.w3.org/2000/svg"
              >
                
                <path
                  d="M256 48C141.31 48 48 141.31 48 256s93.31 208 208 208 208-93.31 208-208S370.69 48 256 48zm96 224h-80v80h-32v-80h-80v-32h80v-80h32v80h80z"
                />
              </svg>
            </span>
          </i>
        </div>
      </section>
    </div>
  </body>,
  "container": <div>
    <section
      class="sc-gsTEea fZJIli"
    >
      <div
        class="global-block-fields form-fields"
      >
        <i
          class="from-todo-icon"
        >
          <span
            class="sc-bdfBQB fLHKPW"
            color="rgb(50, 197, 250)"
            height="30px"
            rotate="0"
            width="35px"
          >
            <svg
              class=""
              viewBox="0 0 512 512"
              xmlns="http://www.w3.org/2000/svg"
            >
              
              <path
                d="M368 32H144a64.07 64.07 0 00-64 64v320a64.07 64.07 0 0064 64h224a64.07 64.07 0 0064-64V96a64.07 64.07 0 00-64-64zM256 304h-80a16 16 0 010-32h80a16 16 0 010 32zm80-80H176a16 16 0 010-32h160a16 16 0 010 32zm0-80H176a16 16 0 010-32h160a16 16 0 010 32z"
              />
            </svg>
          </span>
        </i>
        <input
          class="from-input"
          data-testid="form-input"
          placeholder="Enter your next task"
          type="text"
          value=""
        />
        <i
          class="from-add-icon"
          data-testid="add-btn"
        >
          <span
            class="sc-bdfBQB ihcyJf"
            color="rgba(50, 197, 250)"
            height="30px"
            rotate="0"
            width="30px"
          >
            <svg
              class="add-btn"
              viewBox="0 0 512 512"
              xmlns="http://www.w3.org/2000/svg"
            >
              
              <path
                d="M256 48C141.31 48 48 141.31 48 256s93.31 208 208 208 208-93.31 208-208S370.69 48 256 48zm96 224h-80v80h-32v-80h-80v-32h80v-80h32v80h80z"
              />
            </svg>
          </span>
        </i>
      </div>
    </section>
  </div>,
  "debug": [Function],
  "findAllByAltText": [Function],
  "findAllByDisplayValue": [Function],
  "findAllByLabelText": [Function],
  "findAllByPlaceholderText": [Function],
  "findAllByRole": [Function],
  "findAllByTestId": [Function],
  "findAllByText": [Function],
  "findAllByTitle": [Function],
  "findByAltText": [Function],
  "findByDisplayValue": [Function],
  "findByLabelText": [Function],
  "findByPlaceholderText": [Function],
  "findByRole": [Function],
  "findByTestId": [Function],
  "findByText": [Function],
  "findByTitle": [Function],
  "getAllByAltText": [Function],
  "getAllByDisplayValue": [Function],
  "getAllByLabelText": [Function],
  "getAllByPlaceholderText": [Function],
  "getAllByRole": [Function],
  "getAllByTestId": [Function],
  "getAllByText": [Function],
  "getAllByTitle": [Function],
  "getByAltText": [Function],
  "getByDisplayValue": [Function],
  "getByLabelText": [Function],
  "getByPlaceholderText": [Function],
  "getByRole": [Function],
  "getByTestId": [Function],
  "getByText": [Function],
  "getByTitle": [Function],
  "queryAllByAltText": [Function],
  "queryAllByDisplayValue": [Function],
  "queryAllByLabelText": [Function],
  "queryAllByPlaceholderText": [Function],
  "queryAllByRole": [Function],
  "queryAllByTestId": [Function],
  "queryAllByText": [Function],
  "queryAllByTitle": [Function],
  "queryByAltText": [Function],
  "queryByDisplayValue": [Function],
  "queryByLabelText": [Function],
  "queryByPlaceholderText": [Function],
  "queryByRole": [Function],
  "queryByTestId": [Function],
  "queryByText": [Function],
  "queryByTitle": [Function],
  "rerender": [Function],
  "unmount": [Function],
}
`;
